
MongTa@DESKTOP-7FU88SS MINGW64 /d/MYGIT/MyApp-Ryan (master)
$ pwd
/d/MYGIT/MyApp-Ryan

MongTa@DESKTOP-7FU88SS MINGW64 /d/MYGIT/MyApp-Ryan (master)

##-----------------------------------
$ git init
Reinitialized existing Git repository in D:/MYGIT/MyApp-Ryan/.git/

MongTa@DESKTOP-7FU88SS MINGW64 /d/MYGIT/MyApp-Ryan (master)

##-----------------------------------
$ ls -la
total 5
drwxr-xr-x 1 MongTa 197121  0 10월 12 10:38 ./
drwxr-xr-x 1 MongTa 197121  0 10월 12 10:27 ../
drwxr-xr-x 1 MongTa 197121  0 10월 12 10:54 .git/
-rw-r--r-- 1 MongTa 197121 52 10월 12 10:53 README.md

MongTa@DESKTOP-7FU88SS MINGW64 /d/MYGIT/MyApp-Ryan (master)

##-----------------------------------
$ git add README.md

MongTa@DESKTOP-7FU88SS MINGW64 /d/MYGIT/MyApp-Ryan (master)

##-----------------------------------
$ git commit -m "first commit"
[master (root-commit) 631d60e] first commit
 1 file changed, 2 insertions(+)
 create mode 100644 README.md

MongTa@DESKTOP-7FU88SS MINGW64 /d/MYGIT/MyApp-Ryan (master)

##-----------------------------------
https://github.com sign in 후 + button click
new repository 버튼 click
Repository name입력 --> MyAppNew

https://github.com/jini1013/MyAppNew에서 url copy

$ git remote add origin https://github.com/jini1013/MyAppNew.git

MongTa@DESKTOP-7FU88SS MINGW64 /d/MYGIT/MyApp-Ryan (master)

$ git push origin master
info: please complete authentication in your browser...
Enumerating objects: 3, done.
Counting objects: 100% (3/3), done.
Delta compression using up to 8 threads
Compressing objects: 100% (2/2), done.
Writing objects: 100% (3/3), 259 bytes | 129.00 KiB/s, done.
Total 3 (delta 0), reused 0 (delta 0), pack-reused 0
To https://github.com/jini1013/MyAppNew.git
 * [new branch]      master -> master

MongTa@DESKTOP-7FU88SS MINGW64 /d/MYGIT/MyApp-Ryan (master)
$ git config --list
diff.astextplain.textconv=astextplain
filter.lfs.clean=git-lfs clean -- %f
filter.lfs.smudge=git-lfs smudge -- %f
filter.lfs.process=git-lfs filter-process
filter.lfs.required=true
http.sslbackend=openssl
http.sslcainfo=C:/Program Files/Git/mingw64/ssl/certs/ca-bundle.crt        
core.autocrlf=true
core.fscache=true
core.symlinks=true
pull.rebase=false
credential.helper=manager-core
:

exit
원격 저장소 제거
gir remote rm orign
git config --global --unset user.name
git config --global --unset user.email

git config 목록확인
git config --list

commit확인
git log
git log --oneline


#---------------
$ git clone https://github.com/jini1013/MyAppNew .
Cloning into '.'...
remote: Enumerating objects: 3, done.
remote: Counting objects: 100% (3/3), done.
remote: Compressing objects: 100% (2/2), done.
remote: Total 3 (delta 0), reused 3 (delta 0), pack-reused 0
Receiving objects: 100% (3/3), done.


#------- myapp-apeach에서 app.js 추가 
$ git add app.js

MongTa@DESKTOP-7FU88SS MINGW64 /d/MYGIT/MyApp-Apeach (master)
$ git commit -m "app.js 추가"
[master 339583d] app.js 추가
 1 file changed, 1 insertion(+)
 create mode 100644 app.js

MongTa@DESKTOP-7FU88SS MINGW64 /d/MYGIT/MyApp-Apeach (master)
$ git push origin master
Enumerating objects: 4, done.
Counting objects: 100% (4/4), done.
Delta compression using up to 8 threads
Compressing objects: 100% (2/2), done.
Writing objects: 100% (3/3), 297 bytes | 148.00 KiB/s, done.
Total 3 (delta 0), reused 0 (delta 0), pack-reused 0
To https://github.com/jini1013/MyAppNew
   631d60e..339583d  master -> master

MongTa@DESKTOP-7FU88SS MINGW64 /d/MYGIT/MyApp-Apeach (master)
$

#-----------------------------------
apeach에서 push한 app.js를 ryan에 반영하기 위해 pull
$ git pull origin master
remote: Enumerating objects: 4, done.
remote: Counting objects: 100% (4/4), done.
remote: Compressing objects: 100% (2/2), done.
remote: Total 3 (delta 0), reused 3 (delta 0), pack-reused 0
Unpacking objects: 100% (3/3), 277 bytes | 0 bytes/s, done.
From https://github.com/jini1013/MyAppNew
 * branch            master     -> FETCH_HEAD
   631d60e..339583d  master     -> origin/master
Updating 631d60e..339583d
Fast-forward
 app.js | 1 +
 1 file changed, 1 insertion(+)
 create mode 100644 app.js

MongTa@DESKTOP-7FU88SS MINGW64 /d/MYGIT/MyApp-Ryan (master)
$
#----------------
remote reposigory의 collaborator 추가
github remove repository 의 setting메츄 -> manage asscss -> add prople로 해얃 user name이나 email로 검색

#-----

vscode sptm merge conflict

Bit bash 명경으로 branch 생성, ㅡㄷㄱㅎㄷgkrk
branch확인
로컬 brahch확인
--> git branch -v

원격 brahch확인
git branch -r

로컬 원격 branch 확인
git branch -a

branch 생성
$ git branch -v
  feat/love      3ed42a1 좋아료
  feat/main-page 05369b7 추가1
  feat/test      05369b7 [behind 2] 추가1
* master         cd3ac8d test3

MongTa@DESKTOP-7FU88SS MINGW64 /d/MYGIT/MyApp-Ryan (master)
$ git branch -r
  origin/feat/love
  origin/feat/main-page
  origin/feat/test
  origin/master

MongTa@DESKTOP-7FU88SS MINGW64 /d/MYGIT/MyApp-Ryan (master)
$ git branch -a
  feat/love
  feat/main-page
  feat/test
* master
  remotes/origin/feat/love
  remotes/origin/feat/main-page
  remotes/origin/feat/test
  remotes/origin/master

MongTa@DESKTOP-7FU88SS MINGW64 /d/MYGIT/MyApp-Ryan (master)
$


#----
branch 생성
    git branch feat/mongta

생성한 branch로 이동
    git checkout feat/mongta

생성한 branch에 push
    git push origin feat/mongta

master brahch로 이동
    git checkout master

master와 feat/mongta branch 병합하기
    master brahch로 이동(checkout)
        git merge feat.mongta

master branch push하기
    git push origin master

local braanch 삭제하기
    git branch -d feat/mongta

원격 braanch 삭제하기
    git branch origin -delete feat/mongta


#--------------------------
$ git brahch -v
git: 'brahch' is not a git command. See 'git --help'.

The most similar command is
        branch

MongTa@DESKTOP-7FU88SS MINGW64 /d/MYGIT/MyApp-Ryan (master)
$

MongTa@DESKTOP-7FU88SS MINGW64 /d/MYGIT/MyApp-Ryan (master)
$ git brahch -r
git: 'brahch' is not a git command. See 'git --help'.

The most similar command is
        branch

MongTa@DESKTOP-7FU88SS MINGW64 /d/MYGIT/MyApp-Ryan (master)
$ git brahch -v
git: 'brahch' is not a git command. See 'git --help'.

The most similar command is
        branch

MongTa@DESKTOP-7FU88SS MINGW64 /d/MYGIT/MyApp-Ryan (master)
$ git branch -f
  feat/love
  feat/main-page
  feat/test
* master

MongTa@DESKTOP-7FU88SS MINGW64 /d/MYGIT/MyApp-Ryan (master)
$ git branch -f
  feat/love
  feat/main-page
  feat/test
* master

MongTa@DESKTOP-7FU88SS MINGW64 /d/MYGIT/MyApp-Ryan (master)
$ git branch -v
  feat/love      3ed42a1 좋아료
  feat/main-page 05369b7 추가1
  feat/test      05369b7 [behind 2] 추가1
* master         cd3ac8d test3

MongTa@DESKTOP-7FU88SS MINGW64 /d/MYGIT/MyApp-Ryan (master)
$ git branch -r
  origin/feat/love
  origin/feat/main-page
  origin/feat/test
  origin/master

MongTa@DESKTOP-7FU88SS MINGW64 /d/MYGIT/MyApp-Ryan (master)
$ git branch -a
  feat/love
  feat/main-page
  feat/test
* master
  remotes/origin/feat/love
  remotes/origin/feat/main-page
  remotes/origin/feat/test
  remotes/origin/master

MongTa@DESKTOP-7FU88SS MINGW64 /d/MYGIT/MyApp-Ryan (master)
$ git branch -a
  feat/love
  feat/main-page
  feat/test
* master
  remotes/origin/feat/love
  remotes/origin/feat/main-page
  remotes/origin/feat/test
  remotes/origin/master

MongTa@DESKTOP-7FU88SS MINGW64 /d/MYGIT/MyApp-Ryan (master)
$ git branch feat/mongta

MongTa@DESKTOP-7FU88SS MINGW64 /d/MYGIT/MyApp-Ryan (master|REBASE 1/1)     
$ git checkout feat/mongta
error: you need to resolve your current index first
README.md: needs merge

MongTa@DESKTOP-7FU88SS MINGW64 /d/MYGIT/MyApp-Ryan (master|REBASE 1/1)     
$ gid add .
bash: gid: command not found

MongTa@DESKTOP-7FU88SS MINGW64 /d/MYGIT/MyApp-Ryan (master|REBASE 1/1)     
$ git add .

MongTa@DESKTOP-7FU88SS MINGW64 /d/MYGIT/MyApp-Ryan (master|REBASE 1/1)     
$ git commit -m "dom code 추가"
[detached HEAD dce5bc2] dom code 추가
 2 files changed, 79 insertions(+), 2 deletions(-)

MongTa@DESKTOP-7FU88SS MINGW64 /d/MYGIT/MyApp-Ryan (master|REBASE 1/1)     
$ got log --oneline
bash: got: command not found

MongTa@DESKTOP-7FU88SS MINGW64 /d/MYGIT/MyApp-Ryan (master|REBASE 1/1)     
$ git log --oneline
dce5bc2 (HEAD) dom code 추가
3ed42a1 (origin/feat/love, feat/mongta, feat/love) 좋아료
cd3ac8d (origin/feat/test) test3
60f26dd test2
05369b7 (origin/feat/main-page, feat/test, feat/main-page) 추가1
c158504 body 변경
f47818b gitignore add
1c89e54 index.html 추가
339583d app.js 추가
631d60e first commit

MongTa@DESKTOP-7FU88SS MINGW64 /d/MYGIT/MyApp-Ryan (master|REBASE 1/1)     
$
